C51 COMPILER V9.01   SANSING                                                               10/11/2018 17:28:44 PAGE 1   


C51 COMPILER V9.01, COMPILATION OF MODULE SANSING
OBJECT MODULE PLACED IN .\sansing.obj
COMPILER INVOKED BY: H:\professional\keil\C51\BIN\C51.EXE ..\..\sansing.c BROWSE DEBUG OBJECTEXTEND PRINT(.\sansing.lst)
                    - OBJECT(.\sansing.obj)

line level    source

   1          #include "STC12C5A60S2.h"
   2          #include"intrins.h"
   3          
   4          sbit Buzzer = P2^4;
   5          sbit Sensing1 = P1^3;    //右红外探测
   6          sbit Sensing2 = P1^2;    //左红外探测
   7          
   8          sbit weixuan1 = P2^3;
   9          sbit weixuan2 = P2^2;
  10          
  11          void Delay100ms()               //@12.000MHz
  12          {
  13   1              unsigned char i, j, k;
  14   1      
  15   1              i = 5;
  16   1              j = 144;
  17   1              k = 71;
  18   1              do
  19   1              {
  20   2                      do
  21   2                      {
  22   3                              while (--k);
  23   3                      } while (--j);
  24   2              } while (--i);
  25   1      }
  26          void main()
  27          {                                                                                                  
  28   1              
  29   1          Sensing1 = 1;
  30   1              Sensing2 = 1;
  31   1       
  32   1      
  33   1          while(1)
  34   1          {
  35   2              if(Sensing1 == 0)
  36   2              {
  37   3                 
  38   3                              
  39   3                              weixuan1 = 0;
  40   3                               P0 = 0xc0;
  41   3                               Delay100ms();
  42   3                               weixuan1 = 1;
  43   3              }
  44   2              if(Sensing2 == 0)
  45   2              {
  46   3                  weixuan2 = 0;
  47   3                  P = 0xc0;
  48   3                  Delay100ms();
  49   3                  weixuan2 = 1;
  50   3              }
  51   2              
  52   2          }
  53   1      
  54   1      
C51 COMPILER V9.01   SANSING                                                               10/11/2018 17:28:44 PAGE 2   

  55   1      }                                                                                                                                                                   
  56          
  57                    


MODULE INFORMATION:   STATIC OVERLAYABLE
   CODE SIZE        =     44    ----
   CONSTANT SIZE    =   ----    ----
   XDATA SIZE       =   ----    ----
   PDATA SIZE       =   ----    ----
   DATA SIZE        =   ----    ----
   IDATA SIZE       =   ----    ----
   BIT SIZE         =   ----    ----
END OF MODULE INFORMATION.


C51 COMPILATION COMPLETE.  0 WARNING(S),  0 ERROR(S)
